// Jest Snapshot v1, https://goo.gl/fbAQLP

exports[`Should render EditExpense component correctly 1`] = `
<div>
  <h1>
    Editing doc id: 
    1
  </h1>
  <h2>
    Gum
  </h2>
  <ExpenseForm
    expense={
      Object {
        "amount": 50,
        "createdAt": 0,
        "description": "Gum",
        "id": "1",
        "note": "Test note",
      }
    }
    expenseIsNew={false}
    onSubmit={[Function]}
  />
  <button
    onClick={[Function]}
  >
    Remove
  </button>
</div>
`;
